test_source1.tsv 1732544 {'US': 663106, 'France': 259452, 'India': 809986}
test_source2.tsv 4887273 {'India': 2312565, 'France': 703378, 'US': 1871330}
test_source3.tsv 5082316 {'India': 2405000, 'France': 731615, 'US': 1945701}
train_source1.tsv 2206821 {'US': 1323633, 'India': 883188}
train_source2.tsv 5034616 {'India': 2017799, 'US': 3016817}
train_source3.tsv 5285603 {'US': 3170056, 'India': 2115547}
Candidate scan source 2 complete
Candidate scan source 3 complete
{
  "seed": 2026,
  "sample_entities": 4000,
  "blocking": "country + exact normalized name OR address",
  "candidates": 40562,
  "blocking_recall": 0.2844122965641953,
  "threshold": 0.76,
  "tuning": {
    "entities": 1916,
    "macro_f05": 0.44422263883594176,
    "precision": 0.8575129533678757,
    "recall": 0.24861048520354515,
    "singleton_accuracy": 0.9326923076923077,
    "by_country": {
      "India": 0.34613261853186295,
      "US": 0.5081502727582552
    }
  },
  "holdout": {
    "entities": 2084,
    "macro_f05": 0.4358850365181817,
    "precision": 0.8520333170014699,
    "recall": 0.24260602678571427,
    "singleton_accuracy": 0.9008264462809917,
    "by_country": {
      "US": 0.4985461205954195,
      "India": 0.3394892396977781
    }
  },
  "empty_baseline_holdout": 0.058061420345489445,
  "limitations": [
    "Exact blocking misses fuzzy-only matches.",
    "France has no labeled validation data.",
    "Baseline is a rule score, not a trained ML model.",
    "Audit does not yet verify global ID uniqueness or all label references."
  ]
}
