beth church | 156 bentley parc johnson city tn 
 -> BETH CENTER | 0156 BENTLEY PARC, GRAY, TN
bharat infotech ltd | badaun uttar pradesh budaun mohalla kalyan nagar shahbazpur budaun c o vikendra 
 -> Bharat इंफोटेक लिमिटेड | C/O VIKENDRA, MOHALLA, KALYAN NAGAR, SHAHBAZPUR, BUDAUN, BUDAUN, Uttar Pradesh
siris india traders pvt ltd | 34 139 laxmi indl estatenew link rd andheri west mumbai maharashtra 
 -> Dovaumbra | H.NO 34/139 LAXMI INDL.ESTATENEW LINK ROAD ANDHERI WEST, MUMBAI, Maharashtra
enger clark and couser dpc co | 634 broad acres rd lower merion township pa 
 -> ECCOUSER.COM | 634 BROAD ACRES ROAD, NARBERTH, PA
prime finance pvt ltd | 1052 1st floor faridabad haryana 
 -> प्राइम फाइनेंस प्राइवेट लिमिटेड | B3/1052, FARIDABAD, DELHI, Haryana
federal marine studios inc | texas city 3138 1st ave tx 
 -> Federal Studios Inc Partners | 
maa energy | 53 mr 1 mahalaxmi nagar behind manak jewellers indore madhya pradesh 
 -> मां एनर्जी | 53/MR - 1, INDORE, MAHALAXMI NAGAR BEHIND MANAK JEWELLERS, Madhya Pradesh
dynamic industries | mumbai hembur w 11th floor universal magestic at village borla p l lokhande marg c 1105 1106 maharashtra 
 -> डायनामिक इंडस्ट्रीज | 1105/1106, 11TH FLOOR, UNIVERSAL MAGESTIC, AT VILLAGE BORLA, P. L. LOKHANDE MARG, C, MUMBAI, HEMBUR(W), महाराष्ट्र
west academy p c | 1145 henry thomas drive atlanta ga 
 -> westacademy.com | ##1145 HENRY THOMAS DRIVE, ATL, GA
royal enterprises pvt ltd | 16 5 2nd main lakshman nagar near mariya sadan school hegganhalli vishwaneedam post bangalore karnataka 
 -> ರಾಯಲ್ ಎಂಟರ್‌ಪ್ರೈಸಸ್ ಪ್ರೈವೇಟ್ ಲಿಮಿಟೆಡ್ | BANGALORE, ಕರ್ನಾಟಕ, #16/5, BANGALORE, 2ND MAIN, LAKSHMAN NAGAR, NEAR MARIYA SADAN SCHOOL, HEGGANHALLI, VISHWANEEDAM POST
jai unique software pvt ltd | 3101 3201 zahra towers mumbai city e moses rd worli mumbai maharashtra mumbai 
 -> जय यूनिक सॉफ्टवेयर प्राइवेट लिमिटेड | H.NO G-3101/3201 ZAHRA TOWERS, MUMBAI, MUMBAI CITY, महाराष्ट्र
shivam investment ltd | c o aminur rahaman kabarpara bankra bally jagachha howrah west bengal 
 -> Shivam  Investment | 
supreme impex llp | c o sandip devidas fate behind deepak hotel malkapur rd gaytri nagar nandura buldhana maharashtra 
 -> सुप्रीम इम्पेक्स एलएलपी | C/O SANDIP DEVIDAS FATE BEHIND DEEPAK HOTEL MALKAPUR ROAD, GAYTRI NAGAR, NANDURA, BULDHANA, महाराष्ट्र
sun trading ltd | 103 devidas tower goddev phatak rd goddev naka bhayandar e thane maharashtra 
 -> सन ट्रेडिंग लिमिटेड | DOOR NO 105 DEVIDAS TOWER, THANE, महाराष्ट्र
maxtech publication llp | mr a a bhatia 83nagdevi cross lane 3rd flr mumbai maharashtra 
 -> publicationmaxtech.com - 6918748216 | HN 876 MR A A BHATIA 83NAGDEVI CROSS LANE 3RD FLR, MUMBAI, MUMBAI (SUBURBAN), Maharashtra
hitech tech pvt ltd | no 4 2 mani lane 2nd main subbanna garden adugodi bangalore karnataka 
 -> ಹೈಟೆಕ್ ಟೆಕ್ ಪ್ರೈವೇಟ್ ಲಿಮಿಟೆಡ್ | BANGALORE, ಕರ್ನಾಟಕ, NO. D/4/2
integrated payment enterprises | presque isle me 29 barton st 
 -> Integrated Payment Enterprises | 
sheohar software pvt ltd | sheohar vill belahi dulla tola belahi dullah bihar pno 1 
 -> SHEOHARSOFTWARECOM | PNO. A-1, VILL.BELAHI DULLA, TOLA-BELAHI DULLAH, SHEOHAR, Bihar
