/Users/badmos/Desktop/AMAZON ML CHALLENGE/.venv/lib/python3.14/site-packages/joblib/externals/loky/backend/context.py:134: UserWarning: Could not find the number of physical cores for the following reason:
invalid literal for int() with base 10: ''
Returning the number of logical cores instead. You can silence this warning by setting LOKY_MAX_CPU_COUNT to the number of cores you want to use.
  warnings.warn(
  File "/Users/badmos/Desktop/AMAZON ML CHALLENGE/.venv/lib/python3.14/site-packages/joblib/externals/loky/backend/context.py", line 264, in _count_physical_cores
    cpu_count_physical = _count_physical_cores_darwin()
  File "/Users/badmos/Desktop/AMAZON ML CHALLENGE/.venv/lib/python3.14/site-packages/joblib/externals/loky/backend/context.py", line 420, in _count_physical_cores_darwin
    return int(cpu_info)
{
  "model": "HistGradientBoostingClassifier",
  "config": {
    "seed": 2026,
    "top_k": 120,
    "max_block": 200,
    "sample_size": 4000,
    "version": 2
  },
  "threshold": 0.6100000000000001,
  "training_pairs": 266695,
  "training_positives": 7302,
  "split_sizes": {
    "train": 2423,
    "tune": 782,
    "holdout": 795
  },
  "tune": {
    "entities": 782,
    "macro_f05": 0.8847484770312487,
    "precision": 0.9764599366229063,
    "recall": 0.7837936046511628,
    "singleton_accuracy": 0.9743589743589743,
    "by_country": {
      "US": 0.9440765553315646,
      "India": 0.7889108120845845
    },
    "blocking_recall": 0.8611918604651163,
    "candidate_pairs": 85526
  },
  "holdout": {
    "entities": 795,
    "macro_f05": 0.8642250225864662,
    "precision": 0.9701421800947867,
    "recall": 0.7640910787607316,
    "singleton_accuracy": 0.92,
    "by_country": {
      "US": 0.9304076378076678,
      "India": 0.7675123464737506
    },
    "blocking_recall": 0.8514371033967898,
    "candidate_pairs": 87544
  }
}
