/Users/badmos/Desktop/AMAZON ML CHALLENGE/.venv/lib/python3.14/site-packages/joblib/externals/loky/backend/context.py:134: UserWarning: Could not find the number of physical cores for the following reason:
invalid literal for int() with base 10: ''
Returning the number of logical cores instead. You can silence this warning by setting LOKY_MAX_CPU_COUNT to the number of cores you want to use.
  warnings.warn(
  File "/Users/badmos/Desktop/AMAZON ML CHALLENGE/.venv/lib/python3.14/site-packages/joblib/externals/loky/backend/context.py", line 264, in _count_physical_cores
    cpu_count_physical = _count_physical_cores_darwin()
  File "/Users/badmos/Desktop/AMAZON ML CHALLENGE/.venv/lib/python3.14/site-packages/joblib/externals/loky/backend/context.py", line 420, in _count_physical_cores_darwin
    return int(cpu_info)
{
  "model": "HistGradientBoostingClassifier",
  "config": {
    "seed": 2026,
    "top_k": 80,
    "max_block": 200,
    "sample_size": 4000,
    "version": 1
  },
  "threshold": 0.64,
  "training_pairs": 149551,
  "training_positives": 6745,
  "split_sizes": {
    "train": 2423,
    "tune": 782,
    "holdout": 795
  },
  "tune": {
    "entities": 782,
    "macro_f05": 0.8552941014406821,
    "precision": 0.9773287333661902,
    "recall": 0.7205668604651163,
    "singleton_accuracy": 0.9487179487179487,
    "by_country": {
      "US": 0.9175860041040563,
      "India": 0.7546687202152315
    },
    "blocking_recall": 0.7921511627906976,
    "candidate_pairs": 47524
  },
  "holdout": {
    "entities": 795,
    "macro_f05": 0.8329476821333357,
    "precision": 0.9706336939721792,
    "recall": 0.7032474804031354,
    "singleton_accuracy": 0.88,
    "by_country": {
      "US": 0.8977444958450849,
      "India": 0.7382600781954234
    },
    "blocking_recall": 0.782381485628966,
    "candidate_pairs": 49074
  }
}
